Performing C++ SOURCE FILE Test HAVE_BIGOBJ failed with the following output:
Change Dir: /home/venky/mujoco/Digital_twin_2026_project/ceres-bin/CMakeFiles/CMakeScratch/TryCompile-nWTOq7

Run Build Command(s):/usr/bin/gmake -f Makefile cmTC_b792d/fast && /usr/bin/gmake  -f CMakeFiles/cmTC_b792d.dir/build.make CMakeFiles/cmTC_b792d.dir/build
gmake[1]: Entering directory '/home/venky/mujoco/Digital_twin_2026_project/ceres-bin/CMakeFiles/CMakeScratch/TryCompile-nWTOq7'
Building CXX object CMakeFiles/cmTC_b792d.dir/src.cxx.o
/usr/bin/c++ -DHAVE_BIGOBJ  -fPIE   /bigobj -o CMakeFiles/cmTC_b792d.dir/src.cxx.o -c /home/venky/mujoco/Digital_twin_2026_project/ceres-bin/CMakeFiles/CMakeScratch/TryCompile-nWTOq7/src.cxx
c++: warning: /bigobj: linker input file unused because linking not done
c++: error: /bigobj: linker input file not found: No such file or directory
gmake[1]: *** [CMakeFiles/cmTC_b792d.dir/build.make:78: CMakeFiles/cmTC_b792d.dir/src.cxx.o] Error 1
gmake[1]: *** Deleting file 'CMakeFiles/cmTC_b792d.dir/src.cxx.o'
gmake[1]: Leaving directory '/home/venky/mujoco/Digital_twin_2026_project/ceres-bin/CMakeFiles/CMakeScratch/TryCompile-nWTOq7'
gmake: *** [Makefile:127: cmTC_b792d/fast] Error 2


Source file was:
int main() { return 0; }

Determining if the function sgemm_ exists failed with the following output:
Change Dir: /home/venky/mujoco/Digital_twin_2026_project/ceres-bin/CMakeFiles/CMakeScratch/TryCompile-BO1Fy4

Run Build Command(s):/usr/bin/gmake -f Makefile cmTC_2dc00/fast && /usr/bin/gmake  -f CMakeFiles/cmTC_2dc00.dir/build.make CMakeFiles/cmTC_2dc00.dir/build
gmake[1]: Entering directory '/home/venky/mujoco/Digital_twin_2026_project/ceres-bin/CMakeFiles/CMakeScratch/TryCompile-BO1Fy4'
Building C object CMakeFiles/cmTC_2dc00.dir/CheckFunctionExists.c.o
/usr/bin/cc   -DCHECK_FUNCTION_EXISTS=sgemm_ -fPIE -o CMakeFiles/cmTC_2dc00.dir/CheckFunctionExists.c.o -c /home/venky/mujoco/Digital_twin_2026_project/ceres-bin/CMakeFiles/CMakeScratch/TryCompile-BO1Fy4/CheckFunctionExists.c
Linking C executable cmTC_2dc00
/usr/bin/cmake -E cmake_link_script CMakeFiles/cmTC_2dc00.dir/link.txt --verbose=1
/usr/bin/cc  -DCHECK_FUNCTION_EXISTS=sgemm_ CMakeFiles/cmTC_2dc00.dir/CheckFunctionExists.c.o -o cmTC_2dc00 
/usr/bin/ld: CMakeFiles/cmTC_2dc00.dir/CheckFunctionExists.c.o: in function `main':
CheckFunctionExists.c:(.text+0x14): undefined reference to `sgemm_'
collect2: error: ld returned 1 exit status
gmake[1]: *** [CMakeFiles/cmTC_2dc00.dir/build.make:99: cmTC_2dc00] Error 1
gmake[1]: Leaving directory '/home/venky/mujoco/Digital_twin_2026_project/ceres-bin/CMakeFiles/CMakeScratch/TryCompile-BO1Fy4'
gmake: *** [Makefile:127: cmTC_2dc00/fast] Error 2



Determining if the function cheev_ exists failed with the following output:
Change Dir: /home/venky/mujoco/Digital_twin_2026_project/ceres-bin/CMakeFiles/CMakeScratch/TryCompile-2QqE5I

Run Build Command(s):/usr/bin/gmake -f Makefile cmTC_41e77/fast && /usr/bin/gmake  -f CMakeFiles/cmTC_41e77.dir/build.make CMakeFiles/cmTC_41e77.dir/build
gmake[1]: Entering directory '/home/venky/mujoco/Digital_twin_2026_project/ceres-bin/CMakeFiles/CMakeScratch/TryCompile-2QqE5I'
Building C object CMakeFiles/cmTC_41e77.dir/CheckFunctionExists.c.o
/usr/bin/cc   -DCHECK_FUNCTION_EXISTS=cheev_ -fPIE -o CMakeFiles/cmTC_41e77.dir/CheckFunctionExists.c.o -c /home/venky/mujoco/Digital_twin_2026_project/ceres-bin/CMakeFiles/CMakeScratch/TryCompile-2QqE5I/CheckFunctionExists.c
Linking C executable cmTC_41e77
/usr/bin/cmake -E cmake_link_script CMakeFiles/cmTC_41e77.dir/link.txt --verbose=1
/usr/bin/cc  -DCHECK_FUNCTION_EXISTS=cheev_ CMakeFiles/cmTC_41e77.dir/CheckFunctionExists.c.o -o cmTC_41e77  /usr/lib/x86_64-linux-gnu/libblas.so /usr/lib/x86_64-linux-gnu/libf77blas.so /usr/lib/x86_64-linux-gnu/libatlas.so -lm -ldl 
/usr/bin/ld: CMakeFiles/cmTC_41e77.dir/CheckFunctionExists.c.o: in function `main':
CheckFunctionExists.c:(.text+0x14): undefined reference to `cheev_'
collect2: error: ld returned 1 exit status
gmake[1]: *** [CMakeFiles/cmTC_41e77.dir/build.make:102: cmTC_41e77] Error 1
gmake[1]: Leaving directory '/home/venky/mujoco/Digital_twin_2026_project/ceres-bin/CMakeFiles/CMakeScratch/TryCompile-2QqE5I'
gmake: *** [Makefile:127: cmTC_41e77/fast] Error 2



